==3920== Memcheck, a memory error detector
==3920== Copyright (C) 2002-2013, and GNU GPL'd, by Julian Seward et al.
==3920== Using Valgrind-3.9.0 and LibVEX; rerun with -h for copyright info
==3920== Command: ./queue
==3920== Parent PID: 3913
==3920== 
==3920== 
==3920== HEAP SUMMARY:
==3920==     in use at exit: 0 bytes in 0 blocks
==3920==   total heap usage: 17 allocs, 17 frees, 159 bytes allocated
==3920== 
==3920== All heap blocks were freed -- no leaks are possible
==3920== 
==3920== For counts of detected and suppressed errors, rerun with: -v
==3920== ERROR SUMMARY: 0 errors from 0 contexts (suppressed: 6 from 6)
